  Determining projects to restore...
  All projects are up-to-date for restore.
C:\Program Files\dotnet\sdk\9.0.102\Sdks\Microsoft.NET.Sdk\targets\Microsoft.NET.Sdk.DefaultItems.Shared.targets(250,5): error NETSDK1136: The target platform must be set to Windows (usually by including '-windows' in the TargetFramework property) when using Windows Forms or WPF, or referencing projects or packages that do so. [D:\TrumpfMetamation_Task2\TrumpfMetamation_Task2_New\TrumpfMetamation_Task2\TrumpfMetamation_Task2.csproj]

Build FAILED.

C:\Program Files\dotnet\sdk\9.0.102\Sdks\Microsoft.NET.Sdk\targets\Microsoft.NET.Sdk.DefaultItems.Shared.targets(250,5): error NETSDK1136: The target platform must be set to Windows (usually by including '-windows' in the TargetFramework property) when using Windows Forms or WPF, or referencing projects or packages that do so. [D:\TrumpfMetamation_Task2\TrumpfMetamation_Task2_New\TrumpfMetamation_Task2\TrumpfMetamation_Task2.csproj]
    0 Warning(s)
    1 Error(s)

Time Elapsed 00:00:01.88
